calibrating IT GSA | effort target 0.725221 | hand-to-mouth target 0.083 | participation targets (0.116249, 0.165) | national ratio 0.937 | workers 3
preflight, France G+A through the parallel path (solver egm): worst gap 9.4e-04 against the suite: HELD

1. effort scale and discount spread, cohesion off, hand-to-mouth aim 0.083
  phi 4.04, spread 0.087, mean patience 0.9600: effort 0.7257 (target 0.7252), poor hand-to-mouth 0.0830 (aim 0.0830)  [2.5 min]

2-3. GSA families and technology scans, participation targets (0.116249, 0.165)
  families built or loaded in 0.7 min
  ratio 0.937 (national): best kappa 3.60 sigma 1.50, root loss 0.0009, rate 0.1255, multiplier 1.3 | within 0.035: sigma 0.70 to 3.00, multiplier 1.1 to 1.9
  ratio 0.486: best kappa 3.75 sigma 1.54, root loss 0.0004, rate 0.1249, multiplier 1.3 | within 0.035: sigma 0.72 to 3.00, multiplier 1.1 to 1.8
  ratio 0.574: best kappa 3.70 sigma 1.52, root loss 0.0005, rate 0.1249, multiplier 1.3 | within 0.035: sigma 0.72 to 3.00, multiplier 1.1 to 1.8
  ratio 0.857: best kappa 3.55 sigma 1.46, root loss 0.0006, rate 0.1244, multiplier 1.3 | within 0.035: sigma 0.70 to 3.00, multiplier 1.1 to 1.9

4. the calibrated GSA economy on its own thresholds
  GSA: participation 0.1255 (cells 0.1171, 0.1651 against 0.116, 0.165; employed 0.1264, unemployed 0.1142)
         agency 0.9683, hardship 0.1996, hand-to-mouth 0.0864 (target 0.08), effort 0.7197, multiplier 1.3  [0.7 min]
         expected loss to unemployment 0.0331 (income alone 0.0454), drop on job loss 0.3945, agency on the old hardship reading 0.7636

5.1 hand-to-mouth off by +0.0034, effort off by -0.0056; this economy's own cohesion gaps are +0.0035 and -0.0060. Correction 1 of 2.
  new phi 3.92, spread 0.086, mean patience 0.9600
  families built or loaded in 0.6 min
  ratio 0.937 (national): best kappa 3.50 sigma 1.48, root loss 0.0004, rate 0.1246, multiplier 1.3 | within 0.035: sigma 0.70 to 3.00, multiplier 1.1 to 1.9
  ratio 0.486: best kappa 3.75 sigma 1.58, root loss 0.0007, rate 0.1248, multiplier 1.3 | within 0.035: sigma 0.72 to 3.00, multiplier 1.1 to 1.8
  ratio 0.574: best kappa 3.70 sigma 1.56, root loss 0.0005, rate 0.1250, multiplier 1.3 | within 0.035: sigma 0.72 to 3.00, multiplier 1.1 to 1.8
  ratio 0.857: best kappa 3.55 sigma 1.50, root loss 0.0003, rate 0.1250, multiplier 1.3 | within 0.035: sigma 0.70 to 3.00, multiplier 1.1 to 1.9
  GSA: participation 0.1246 (cells 0.1161, 0.1646 against 0.116, 0.165; employed 0.1255, unemployed 0.1133)
         agency 0.9683, hardship 0.1935, hand-to-mouth 0.0826 (target 0.08), effort 0.7251, multiplier 1.3  [0.6 min]
         expected loss to unemployment 0.0330 (income alone 0.0456), drop on job loss 0.3935, agency on the old hardship reading 0.7704

5b. the calibration on the full belonging grid (83 scales): technology re-scanned, economy solved and checked
  families built or loaded in 1.1 min
  ratio 0.937 (national): best kappa 3.55 sigma 1.50, root loss 0.0008, rate 0.1254, multiplier 1.3 | within 0.035: sigma 0.70 to 3.00, multiplier 1.1 to 1.9
  ratio 0.486: best kappa 3.70 sigma 1.54, root loss 0.0003, rate 0.1249, multiplier 1.3 | within 0.035: sigma 0.72 to 3.00, multiplier 1.1 to 1.8
  ratio 0.574: best kappa 3.65 sigma 1.52, root loss 0.0004, rate 0.1249, multiplier 1.3 | within 0.035: sigma 0.72 to 3.00, multiplier 1.1 to 1.8
  ratio 0.857: best kappa 3.50 sigma 1.46, root loss 0.0006, rate 0.1243, multiplier 1.3 | within 0.035: sigma 0.70 to 3.00, multiplier 1.1 to 1.9
  GSA: participation 0.1254 (cells 0.1170, 0.1649 against 0.116, 0.165; employed 0.1263, unemployed 0.1141)
         agency 0.9684, hardship 0.1935, hand-to-mouth 0.0826 (target 0.08), effort 0.7251, multiplier 1.3  [1.2 min]
         expected loss to unemployment 0.0330 (income alone 0.0456), drop on job loss 0.3935, agency on the old hardship reading 0.7703
wrote calibration_country_IT.txt

6. the four economies at IT's G+S+A parameters (the fixed-parameter view)
G      participation 0.0000 (E 0.0000, U 0.0000) | agency 0.9669 | loss 0.0331 | hardship 0.1787 | poor htm 0.0452 | effort 0.7277 | median 0.5963
G+A    participation 0.0001 (E 0.0001, U 0.0000) | agency 0.9683 | loss 0.0331 | hardship 0.1886 | poor htm 0.0791 | effort 0.7311 | median 0.5951
G+S    participation 0.1260 (E 0.1266, U 0.1177) | agency 0.9670 | loss 0.0330 | hardship 0.1828 | poor htm 0.0486 | effort 0.7217 | median 0.5910
G+S+A  participation 0.1254 (E 0.1263, U 0.1141) | agency 0.9684 | loss 0.0330 | hardship 0.1935 | poor htm 0.0826 | effort 0.7251 | median 0.5897

DONE IT GSA in 15.0 min
