calibrating DE GSA | effort target 0.608669 | hand-to-mouth target 0.074 | participation targets (0.252077, 0.349) | national ratio 0.546 | workers 3
preflight, France G+A through the parallel path: worst gap 3.4e-07 against the suite: HELD

1. effort scale and discount spread, cohesion off, hand-to-mouth aim 0.074
  phi 7.11, spread 0.032, mean patience 0.9600: effort 0.6090 (target 0.6087), poor hand-to-mouth 0.0742 (aim 0.0740)  [17.2 min]

2-3. GSA families and technology scans, participation targets (0.252077, 0.349)
  families built or loaded in 24.4 min
  ratio 0.546 (national): best kappa 6.40 sigma 1.02, root loss 0.0014, rate 0.2785, multiplier 1.8 | within 0.035: sigma 0.68 to 2.18, multiplier 1.3 to 3.0
  ratio 0.486: best kappa 6.55 sigma 1.06, root loss 0.0016, rate 0.2801, multiplier 1.8 | within 0.035: sigma 0.68 to 2.18, multiplier 1.3 to 3.0
  ratio 0.574: best kappa 6.45 sigma 1.04, root loss 0.0011, rate 0.2781, multiplier 1.8 | within 0.035: sigma 0.68 to 2.18, multiplier 1.3 to 3.0
  ratio 0.857: best kappa 6.35 sigma 1.02, root loss 0.0011, rate 0.2783, multiplier 1.8 | within 0.035: sigma 0.68 to 2.14, multiplier 1.3 to 3.0
  ratio 0.937: best kappa 6.40 sigma 1.04, root loss 0.0005, rate 0.2788, multiplier 1.8 | within 0.035: sigma 0.68 to 2.14, multiplier 1.3 to 3.0

4. the calibrated GSA economy on its own thresholds
  GSA: participation 0.2785 (cells 0.2511, 0.3501 against 0.252, 0.349; employed 0.2822, unemployed 0.1499)
         agency 0.9898, hardship 0.3227, hand-to-mouth 0.0861 (target 0.07), effort 0.5960, multiplier 1.8  [24.3 min]
         expected loss to unemployment 0.0107 (income alone 0.0158), drop on job loss 0.3331, agency on the old hardship reading 0.6489

5.1 hand-to-mouth off by +0.0121, effort off by -0.0127; this economy's own cohesion gaps are +0.0120 and -0.0130. Correction 1 of 2.
  new phi 6.54, spread 0.029, mean patience 0.9600
  families built or loaded in 24.9 min
  ratio 0.546 (national): best kappa 6.25 sigma 1.06, root loss 0.0012, rate 0.2796, multiplier 1.8 | within 0.035: sigma 0.68 to 2.18, multiplier 1.3 to 3.0
  ratio 0.486: best kappa 6.25 sigma 1.06, root loss 0.0012, rate 0.2788, multiplier 1.8 | within 0.035: sigma 0.68 to 2.18, multiplier 1.3 to 2.9
  ratio 0.574: best kappa 6.25 sigma 1.06, root loss 0.0015, rate 0.2800, multiplier 1.8 | within 0.035: sigma 0.68 to 2.18, multiplier 1.3 to 3.0
  ratio 0.857: best kappa 6.20 sigma 1.06, root loss 0.0015, rate 0.2795, multiplier 1.8 | within 0.035: sigma 0.68 to 2.14, multiplier 1.3 to 3.0
  ratio 0.937: best kappa 6.05 sigma 1.02, root loss 0.0023, rate 0.2771, multiplier 1.8 | within 0.035: sigma 0.68 to 2.14, multiplier 1.3 to 3.0
  GSA: participation 0.2796 (cells 0.2532, 0.3487 against 0.252, 0.349; employed 0.2834, unemployed 0.1507)
         agency 0.9899, hardship 0.2824, hand-to-mouth 0.0718 (target 0.07), effort 0.6085, multiplier 1.8  [24.6 min]
         expected loss to unemployment 0.0105 (income alone 0.0161), drop on job loss 0.3261, agency on the old hardship reading 0.6908
wrote calibration_country_DE.txt

6. the four economies at DE's G+S+A parameters (the fixed-parameter view)
G      participation 0.0000 (E 0.0000, U 0.0000) | agency 0.9895 | loss 0.0105 | hardship 0.2535 | poor htm 0.0333 | effort 0.6153 | median 0.5386
G+A    participation 0.0000 (E 0.0000, U 0.0000) | agency 0.9898 | loss 0.0106 | hardship 0.2632 | poor htm 0.0613 | effort 0.6216 | median 0.5357
G+S    participation 0.2858 (E 0.2896, U 0.1578) | agency 0.9895 | loss 0.0105 | hardship 0.2719 | poor htm 0.0403 | effort 0.6019 | median 0.5262
G+S+A  participation 0.2796 (E 0.2834, U 0.1507) | agency 0.9899 | loss 0.0105 | hardship 0.2824 | poor htm 0.0718 | effort 0.6085 | median 0.5230

DONE DE GSA in 177.6 min
