calibrating FR GSA | effort target 0.643232 | hand-to-mouth target 0.032 | participation targets (0.202862, 0.291) | national ratio 0.561 | workers 3
preflight, France G+A through the parallel path: worst gap 3.4e-07 against the suite: HELD

1. effort scale and discount spread, cohesion off, hand-to-mouth aim 0.032
  phi 5.08, spread 0.006, mean patience 0.9600: effort 0.6437 (target 0.6432), poor hand-to-mouth 0.0324 (aim 0.0320)  [16.8 min]

2-3. GSA families and technology scans, participation targets (0.202862, 0.291)
  families built or loaded in 0.0 min
  ratio 0.561 (national): best kappa 5.10 sigma 1.00, root loss 0.0015, rate 0.2334, multiplier 1.8 | within 0.035: sigma 0.60 to 2.38, multiplier 1.2 to 3.5
  ratio 0.486: best kappa 5.05 sigma 0.96, root loss 0.0013, rate 0.2321, multiplier 1.9 | within 0.035: sigma 0.60 to 2.42, multiplier 1.2 to 3.5
  ratio 0.574: best kappa 5.10 sigma 1.00, root loss 0.0017, rate 0.2337, multiplier 1.8 | within 0.035: sigma 0.60 to 2.38, multiplier 1.2 to 3.5
  ratio 0.857: best kappa 5.00 sigma 0.98, root loss 0.0017, rate 0.2338, multiplier 1.9 | within 0.035: sigma 0.60 to 2.24, multiplier 1.3 to 3.6
  ratio 0.937: best kappa 4.95 sigma 0.96, root loss 0.0007, rate 0.2332, multiplier 1.9 | within 0.035: sigma 0.60 to 2.20, multiplier 1.3 to 3.6

4. the calibrated GSA economy on its own thresholds
  GSA: participation 0.2334 (cells 0.2040, 0.2900 against 0.203, 0.291; employed 0.2407, unemployed 0.1295)
         agency 0.9898, hardship 0.1476, hand-to-mouth 0.0392 (target 0.03), effort 0.6330, multiplier 1.8  [0.1 min]
         expected loss to unemployment 0.0106 (income alone 0.0256), drop on job loss 0.1413, agency on the old hardship reading 0.8356

5.1 hand-to-mouth off by +0.0072, effort off by -0.0102; this economy's own cohesion gaps are +0.0068 and -0.0107. Correction 1 of 2.
  new phi 4.76, spread 0.003, mean patience 0.9600
  families built or loaded in 25.3 min
  ratio 0.561 (national): best kappa 4.85 sigma 0.96, root loss 0.0016, rate 0.2317, multiplier 1.9 | within 0.035: sigma 0.62 to 2.38, multiplier 1.2 to 3.2
  ratio 0.486: best kappa 4.90 sigma 0.98, root loss 0.0010, rate 0.2323, multiplier 1.8 | within 0.035: sigma 0.62 to 2.42, multiplier 1.2 to 3.2
  ratio 0.574: best kappa 4.85 sigma 0.96, root loss 0.0012, rate 0.2321, multiplier 1.9 | within 0.035: sigma 0.60 to 2.38, multiplier 1.2 to 3.4
  ratio 0.857: best kappa 4.80 sigma 0.96, root loss 0.0016, rate 0.2341, multiplier 1.9 | within 0.035: sigma 0.62 to 2.24, multiplier 1.3 to 3.3
  ratio 0.937: best kappa 4.75 sigma 0.94, root loss 0.0006, rate 0.2329, multiplier 1.9 | within 0.035: sigma 0.60 to 2.20, multiplier 1.3 to 3.5
  GSA: participation 0.2317 (cells 0.2013, 0.2904 against 0.203, 0.291; employed 0.2390, unemployed 0.1283)
         agency 0.9902, hardship 0.1282, hand-to-mouth 0.0299 (target 0.03), effort 0.6429, multiplier 1.9  [25.4 min]
         expected loss to unemployment 0.0102 (income alone 0.0263), drop on job loss 0.1348, agency on the old hardship reading 0.8585
wrote calibration_country_FR.txt

6. the four economies at FR's G+S+A parameters (the fixed-parameter view)
G      participation 0.0000 (E 0.0000, U 0.0000) | agency 0.9898 | loss 0.0102 | hardship 0.1066 | poor htm 0.0230 | effort 0.6505 | median 0.5598
G+A    participation 0.0000 (E 0.0000, U 0.0000) | agency 0.9901 | loss 0.0102 | hardship 0.1218 | poor htm 0.0253 | effort 0.6535 | median 0.5586
G+S    participation 0.2330 (E 0.2400, U 0.1332) | agency 0.9899 | loss 0.0101 | hardship 0.1149 | poor htm 0.0242 | effort 0.6399 | median 0.5501
G+S+A  participation 0.2317 (E 0.2390, U 0.1283) | agency 0.9902 | loss 0.0102 | hardship 0.1282 | poor htm 0.0299 | effort 0.6429 | median 0.5485

DONE FR GSA in 134.0 min
