calibrating FR GS | effort target 0.643232 | hand-to-mouth target 0.032 | participation targets (0.202862, 0.291) | national ratio 0.561 | workers 3
preflight, France G+A through the parallel path (solver egm): worst gap 9.4e-04 against the suite: HELD

1. effort scale and discount spread, cohesion off, hand-to-mouth aim 0.032
  phi 5.01, spread 0.014, mean patience 0.9600: effort 0.6438 (target 0.6432), poor hand-to-mouth 0.0316 (aim 0.0320)  [1.6 min]

2-3. GS families and technology scans, overall participation 0.2329 (the cell gap is not this configuration's target), sigma held at the G+S+A value 0.98
  families built or loaded in 0.0 min
  ratio 0.561 (national): best kappa 5.00 sigma 0.98, root loss 0.0015, rate 0.2315, multiplier 1.8 | within 0.005: sigma 0.98 to 0.98, multiplier 1.8 to 1.8

4. the calibrated GS economy on its own thresholds
  GS: participation 0.2315 (cells 0.2233, 0.2473 against 0.203, 0.291; employed 0.2385, unemployed 0.1324)
         agency 0.9881, hardship 0.1690, hand-to-mouth 0.0347 (target 0.03), effort 0.6332, multiplier 1.8  [0.6 min]
         expected loss to unemployment 0.0119 (income alone 0.0252), drop on job loss 0.1617, agency on the old hardship reading 0.8310

5.1 hand-to-mouth off by +0.0027, effort off by -0.0100; this economy's own cohesion gaps are +0.0030 and -0.0106. Correction 1 of 2.
  new phi 4.71, spread 0.012, mean patience 0.9600
  families built or loaded in 0.4 min
  ratio 0.561 (national): best kappa 4.85 sigma 0.98, root loss 0.0006, rate 0.2335, multiplier 1.8 | within 0.005: sigma 0.98 to 0.98, multiplier 1.8 to 1.8
  GS: participation 0.2335 (cells 0.2253, 0.2494 against 0.203, 0.291; employed 0.2406, unemployed 0.1336)
         agency 0.9883, hardship 0.1462, hand-to-mouth 0.0309 (target 0.03), effort 0.6428, multiplier 1.8  [0.4 min]
         expected loss to unemployment 0.0117 (income alone 0.0259), drop on job loss 0.1580, agency on the old hardship reading 0.8538

5b. the calibration on the full belonging grid (83 scales): technology re-scanned, economy solved and checked
  families built or loaded in 0.8 min
  ratio 0.561 (national): best kappa 4.85 sigma 0.98, root loss 0.0007, rate 0.2322, multiplier 1.8 | within 0.005: sigma 0.98 to 0.98, multiplier 1.8 to 1.8
  GS: participation 0.2322 (cells 0.2240, 0.2481 against 0.203, 0.291; employed 0.2393, unemployed 0.1328)
         agency 0.9883, hardship 0.1462, hand-to-mouth 0.0309 (target 0.03), effort 0.6429, multiplier 1.8  [0.8 min]
         expected loss to unemployment 0.0117 (income alone 0.0259), drop on job loss 0.1580, agency on the old hardship reading 0.8538
  untargeted: participation gap between the cells 0.0241 against 0.0881 in the data (what A adds)
wrote calibration_country_FR_GS.txt

DONE FR GS in 5.6 min
